
> aura-link-modusnap@0.0.0 build
> next build

Γû▓ Next.js 16.1.6 (Turbopack)

  Creating an optimized production build ...
node.exe : 
At C:\Program Files\nodejs\npm.ps1:29 
char:3
+   & $NODE_EXE $NPM_CLI_JS $args
+   ~~~~~~~~~~~~~~~~~~~~~~~~~~~~~
    + CategoryInfo          : NotSpec 
   ified: (:String) [], RemoteExcept  
  ion
    + FullyQualifiedErrorId : NativeC 
   ommandError
 
> Build error occurred
Error: Turbopack build failed with 3 
errors:
./src/app/globals.css
Error evaluating Node.js code
Error: Missing field `negated` on 
ScannerOptions.sources
    [at Object.Once (D:\pasti_berhasil
\codee\Kuliah\humanComputerMain\aura-l
ink-modusnap\node_modules\@tailwindcss
\postcss\dist\index.js:8:4164)]
    at async LazyResult.runAsync (node
_modules/postcss/lib/lazy-result.js:26
1:11) [D:\pasti_berhasil\codee\Kuliah\
humanComputerMain\aura-link-modusnap\.
next\build\chunks\node_modules_fe693df
6._.js:6156:21]
    at async transform (turbopack:///[
turbopack-node]/transforms/postcss.ts:
70:34) [D:\pasti_berhasil\codee\Kuliah
\humanComputerMain\aura-link-modusnap\
.next\build\chunks\[root-of-the-server
]__6d51cb5d._.js:172:36]
    at async run (turbopack:///[turbop
ack-node]/ipc/evaluate.ts:92:23) [D:\p
asti_berhasil\codee\Kuliah\humanComput
erMain\aura-link-modusnap\.next\build\
chunks\[root-of-the-server]__44695d76.
_.js:443:31]

Import trace:
  Client Component Browser:
    ./src/app/globals.css [Client 
Component Browser]
    ./src/app/layout.jsx [Server 
Component]


./src/app/page.jsx:9:16
Ecmascript file had an error
[0m [90m  7 |[39m
 [90m  8 |[39m [90m// Dynamically 
load heavy 3D client components (ssr: 
false since they need browser 
APIs)[39m
[31m[1m>[22m[39m[90m  9 |[39m 
[36mconst[39m [33mHero3D[39m 
[33m=[39m dynamic(() [33m=>[39m [
36mimport[39m([32m'../components/Her
o3D'[39m)[33m,[39m {
 [90m    |[39m                [31m
[1m^[22m[39m[31m[1m^[22m[39m[31
m[1m^[22m[39m[31m[1m^[22m[39m[
31m[1m^[22m[39m[31m[1m^[22m[39m
[31m[1m^[22m[39m[31m[1m^[22m[3
9m[31m[1m^[22m[39m[31m[1m^[22m
[39m[31m[1m^[22m[39m[31m[1m^[22
m[39m[31m[1m^[22m[39m[31m[1m^[
22m[39m[31m[1m^[22m[39m[31m[1m^
[22m[39m[31m[1m^[22m[39m[31m[1
m^[22m[39m[31m[1m^[22m[39m[31m
[1m^[22m[39m[31m[1m^[22m[39m[31
m[1m^[22m[39m[31m[1m^[22m[39m[
31m[1m^[22m[39m[31m[1m^[22m[39m
[31m[1m^[22m[39m[31m[1m^[22m[3
9m[31m[1m^[22m[39m[31m[1m^[22m
[39m[31m[1m^[22m[39m[31m[1m^[22
m[39m[31m[1m^[22m[39m[31m[1m^[
22m[39m[31m[1m^[22m[39m[31m[1m^
[22m[39m[31m[1m^[22m[39m[31m[1
m^[22m[39m[31m[1m^[22m[39m[31m
[1m^[22m[39m[31m[1m^[22m[39m[31
m[1m^[22m[39m[31m[1m^[22m[39m[
31m[1m^[22m[39m[31m[1m^[22m[39m
[31m[1m^[22m[39m[31m[1m^[22m[3
9m[31m[1m^[22m[39m
[31m[1m>[22m[39m[90m 10 |[39m   
  ssr[33m:[39m 
[36mfalse[39m[33m,[39m
 [90m    |[39m [31m[1m^[22m[39m
[31m[1m^[22m[39m[31m[1m^[22m[39
m[31m[1m^[22m[39m[31m[1m^[22m[
39m[31m[1m^[22m[39m[31m[1m^[22m
[39m[31m[1m^[22m[39m[31m[1m^[2
2m[39m[31m[1m^[22m[39m[31m[1m^
[22m[39m[31m[1m^[22m[39m[31m[1m
^[22m[39m[31m[1m^[22m[39m[31m[
1m^[22m[39m
[31m[1m>[22m[39m[90m 11 |[39m   
  loading[33m:[39m () [33m=>[39m 
[33m<[39m[33mdiv[39m 
className[33m=[39m[32m"flex 
items-center justify-center min-h-scre
en"[39m[33m>[39m[33mLoading[39m 
[35m3[39m[33mD[39m [33mExperience
[39m[33m...[39m[33m<[39m[33m/[3
9m[33mdiv[39m[33m>[39m
 [90m    |[39m [31m[1m^[22m[39m
[31m[1m^[22m[39m[31m[1m^[22m[39
m[31m[1m^[22m[39m[31m[1m^[22m[
39m[31m[1m^[22m[39m[31m[1m^[22m
[39m[31m[1m^[22m[39m[31m[1m^[2
2m[39m[31m[1m^[22m[39m[31m[1m^
[22m[39m[31m[1m^[22m[39m[31m[1m
^[22m[39m[31m[1m^[22m[39m[31m[
1m^[22m[39m
[31m[1m>[22m[39m[90m 12 |[39m })
 [90m    |[39m [31m[1m^[22m[39m
[31m[1m^[22m[39m[31m[1m^[22m[39
m
 [90m 13 |[39m [36mconst[39m 
[33mModularCustomizer[39m 
[33m=[39m dynamic(() [33m=>[39m [
36mimport[39m([32m'../components/Mod
ularCustomizer'[39m)[33m,[39m {
 [90m 14 |[39m     ssr[33m:[39m 
[36mfalse[39m[33m,[39m
 [90m 15 |[39m     
loading[33m:[39m () [33m=>[39m 
[33m<[39m[33mdiv[39m 
className[33m=[39m[32m"flex 
items-center justify-center min-h-[400
px]"[39m[33m>[39m[33mLoading[39m 
[33mCustomizer[39m[33m...[39m[33m
<[39m[33m/[39m[33mdiv[39m[33m>[
39m[0m

`ssr: false` is not allowed with 
`next/dynamic` in Server Components. 
Please move it into a Client 
Component.


./src/app/page.jsx:13:27
Ecmascript file had an error
[0m [90m 11 |[39m     
loading[33m:[39m () [33m=>[39m 
[33m<[39m[33mdiv[39m 
className[33m=[39m[32m"flex 
items-center justify-center min-h-scre
en"[39m[33m>[39m[33mLoading[39m 
[35m3[39m[33mD[39m [33mExperience
[39m[33m...[39m[33m<[39m[33m/[3
9m[33mdiv[39m[33m>[39m
 [90m 12 |[39m })
[31m[1m>[22m[39m[90m 13 |[39m 
[36mconst[39m 
[33mModularCustomizer[39m 
[33m=[39m dynamic(() [33m=>[39m [
36mimport[39m([32m'../components/Mod
ularCustomizer'[39m)[33m,[39m {
 [90m    |[39m                      
     [31m[1m^[22m[39m[31m[1m^[2
2m[39m[31m[1m^[22m[39m[31m[1m^
[22m[39m[31m[1m^[22m[39m[31m[1m
^[22m[39m[31m[1m^[22m[39m[31m[
1m^[22m[39m[31m[1m^[22m[39m[31m
[1m^[22m[39m[31m[1m^[22m[39m[3
1m[1m^[22m[39m[31m[1m^[22m[39m
[31m[1m^[22m[39m[31m[1m^[22m[39
m[31m[1m^[22m[39m[31m[1m^[22m[
39m[31m[1m^[22m[39m[31m[1m^[22m
[39m[31m[1m^[22m[39m[31m[1m^[2
2m[39m[31m[1m^[22m[39m[31m[1m^
[22m[39m[31m[1m^[22m[39m[31m[1m
^[22m[39m[31m[1m^[22m[39m[31m[
1m^[22m[39m[31m[1m^[22m[39m[31m
[1m^[22m[39m[31m[1m^[22m[39m[3
1m[1m^[22m[39m[31m[1m^[22m[39m
[31m[1m^[22m[39m[31m[1m^[22m[39
m[31m[1m^[22m[39m[31m[1m^[22m[
39m[31m[1m^[22m[39m[31m[1m^[22m
[39m[31m[1m^[22m[39m[31m[1m^[2
2m[39m[31m[1m^[22m[39m[31m[1m^
[22m[39m[31m[1m^[22m[39m[31m[1m
^[22m[39m[31m[1m^[22m[39m[31m[
1m^[22m[39m[31m[1m^[22m[39m[31m
[1m^[22m[39m[31m[1m^[22m[39m[3
1m[1m^[22m[39m[31m[1m^[22m[39m
[31m[1m^[22m[39m[31m[1m^[22m[39
m[31m[1m^[22m[39m[31m[1m^[22m[
39m[31m[1m^[22m[39m[31m[1m^[22m
[39m[31m[1m^[22m[39m
[31m[1m>[22m[39m[90m 14 |[39m   
  ssr[33m:[39m 
[36mfalse[39m[33m,[39m
 [90m    |[39m [31m[1m^[22m[39m
[31m[1m^[22m[39m[31m[1m^[22m[39
m[31m[1m^[22m[39m[31m[1m^[22m[
39m[31m[1m^[22m[39m[31m[1m^[22m
[39m[31m[1m^[22m[39m[31m[1m^[2
2m[39m[31m[1m^[22m[39m[31m[1m^
[22m[39m[31m[1m^[22m[39m[31m[1m
^[22m[39m[31m[1m^[22m[39m[31m[
1m^[22m[39m
[31m[1m>[22m[39m[90m 15 |[39m   
  loading[33m:[39m () [33m=>[39m 
[33m<[39m[33mdiv[39m 
className[33m=[39m[32m"flex 
items-center justify-center min-h-[400
px]"[39m[33m>[39m[33mLoading[39m 
[33mCustomizer[39m[33m...[39m[33m
<[39m[33m/[39m[33mdiv[39m[33m>[
39m
 [90m    |[39m [31m[1m^[22m[39m
[31m[1m^[22m[39m[31m[1m^[22m[39
m[31m[1m^[22m[39m[31m[1m^[22m[
39m[31m[1m^[22m[39m[31m[1m^[22m
[39m[31m[1m^[22m[39m[31m[1m^[2
2m[39m[31m[1m^[22m[39m[31m[1m^
[22m[39m[31m[1m^[22m[39m[31m[1m
^[22m[39m[31m[1m^[22m[39m[31m[
1m^[22m[39m
[31m[1m>[22m[39m[90m 16 |[39m })
 [90m    |[39m [31m[1m^[22m[39m
[31m[1m^[22m[39m[31m[1m^[22m[39
m
 [90m 17 |[39m
 [90m 18 |[39m [36mexport[39m 
[36mdefault[39m [36mfunction[39m 
[33mHome[39m() {
 [90m 19 |[39m     [36mreturn[39m 
([0m

`ssr: false` is not allowed with 
`next/dynamic` in Server Components. 
Please move it into a Client 
Component.


    at async transform (turbopack:///[
turbopack-node]/transforms/postcss.ts:
70:34) [D:\pasti_berhasil\codee\Kuliah
\humanComputerMain\aura-link-modusnap\
.next\build\chunks\[root-of-the-server
]__6d51cb5d._.js:172:36])
    at async run (turbopack:///[turbop
ack-node]/ipc/evaluate.ts:92:23) [D:\p
asti_berhasil\codee\Kuliah\humanComput
erMain\aura-link-modusnap\.next\build\
chunks\[root-of-the-server]__44695d76.
_.js:443:31])
    at <unknown> 
(./src/app/page.jsx:9:16)
    at <unknown> 
(./src/app/page.jsx:13:27)
